2026-06-30 17:54:53,603 | INFO | Logger Test - INFO
2026-06-30 17:54:53,605 | WARNING | Logger Test - WARNING
2026-06-30 17:54:53,605 | ERROR | Logger Test - ERROR
2026-07-01 20:51:16,540 | INFO | MongoDB connected successfully.
2026-07-01 21:11:25,553 | INFO | MongoDB connection closed.
2026-07-01 21:11:27,901 | INFO | MongoDB connected successfully.
2026-07-01 21:11:34,020 | INFO | MongoDB connection closed.
2026-07-01 21:11:36,481 | INFO | MongoDB connected successfully.
2026-07-01 21:11:44,365 | INFO | MongoDB connection closed.
2026-07-01 21:11:46,660 | INFO | MongoDB connected successfully.
2026-07-01 21:29:12,543 | INFO | MongoDB connection closed.
2026-07-03 10:30:51,634 | INFO | MongoDB connected successfully.
2026-07-03 10:35:02,958 | INFO | MongoDB connection closed.
2026-07-03 10:35:07,447 | INFO | MongoDB connected successfully.
2026-07-03 10:35:37,883 | INFO | MongoDB connection closed.
2026-07-03 10:43:32,496 | INFO | MongoDB connected successfully.
2026-07-03 12:04:13,438 | INFO | MongoDB connection closed.
2026-07-05 17:37:50,844 | INFO | MongoDB connected successfully.
2026-07-05 17:38:41,563 | INFO | MongoDB connection closed.
2026-07-05 22:46:53,717 | INFO | MongoDB connected successfully.
2026-07-05 22:50:10,652 | INFO | MongoDB connection closed.
2026-07-05 22:50:12,028 | INFO | MongoDB connected successfully.
2026-07-05 22:50:17,325 | INFO | MongoDB connection closed.
2026-07-05 22:50:18,570 | INFO | MongoDB connected successfully.
2026-07-05 22:50:24,059 | INFO | MongoDB connection closed.
2026-07-05 22:50:25,198 | INFO | MongoDB connected successfully.
2026-07-05 22:50:25,789 | INFO | MongoDB connection closed.
2026-07-05 22:50:27,252 | INFO | MongoDB connected successfully.
2026-07-05 22:51:01,359 | INFO | MongoDB connection closed.
2026-07-05 22:51:03,425 | INFO | MongoDB connected successfully.
2026-07-05 22:51:15,107 | INFO | MongoDB connection closed.
2026-07-05 22:51:16,525 | INFO | MongoDB connected successfully.
2026-07-05 22:51:16,726 | INFO | MongoDB connection closed.
2026-07-05 22:51:17,964 | INFO | MongoDB connected successfully.
2026-07-05 22:51:20,519 | INFO | MongoDB connection closed.
2026-07-05 22:51:38,066 | INFO | MongoDB connected successfully.
2026-07-05 22:51:42,464 | INFO | MongoDB connection closed.
2026-07-05 22:51:43,556 | INFO | MongoDB connected successfully.
2026-07-05 22:51:46,553 | INFO | MongoDB connection closed.
2026-07-05 22:51:49,835 | INFO | MongoDB connected successfully.
2026-07-05 22:51:50,989 | INFO | MongoDB connection closed.
2026-07-05 22:52:39,172 | INFO | MongoDB connected successfully.
2026-07-05 22:56:47,091 | INFO | MongoDB connection closed.
2026-07-05 22:56:48,454 | INFO | MongoDB connected successfully.
2026-07-05 22:56:52,411 | INFO | MongoDB connection closed.
2026-07-05 22:56:53,778 | INFO | MongoDB connected successfully.
2026-07-05 22:56:56,217 | INFO | MongoDB connection closed.
2026-07-05 22:56:57,416 | INFO | MongoDB connected successfully.
2026-07-05 22:56:58,006 | INFO | MongoDB connection closed.
2026-07-05 22:56:59,466 | INFO | MongoDB connected successfully.
2026-07-05 22:57:00,499 | INFO | MongoDB connection closed.
2026-07-05 22:57:01,951 | INFO | MongoDB connected successfully.
2026-07-05 22:57:12,767 | INFO | MongoDB connection closed.
2026-07-05 22:59:06,316 | INFO | MongoDB connected successfully.
2026-07-05 23:00:57,715 | INFO | MongoDB connection closed.
2026-07-05 23:18:09,722 | INFO | MongoDB connected successfully.
2026-07-05 23:19:36,320 | INFO | MongoDB connection closed.
2026-07-05 23:19:37,913 | INFO | MongoDB connected successfully.
2026-07-05 23:20:37,996 | INFO | MongoDB connection closed.
2026-07-05 23:21:04,711 | INFO | MongoDB connected successfully.
2026-07-05 23:22:36,710 | INFO | MongoDB connection closed.
2026-07-05 23:22:37,885 | INFO | MongoDB connected successfully.
2026-07-05 23:22:38,066 | INFO | MongoDB connection closed.
2026-07-05 23:22:39,563 | INFO | MongoDB connected successfully.
2026-07-05 23:23:02,414 | INFO | MongoDB connection closed.
2026-07-05 23:23:03,793 | INFO | MongoDB connected successfully.
2026-07-05 23:23:43,164 | INFO | MongoDB connection closed.
2026-07-05 23:23:46,435 | INFO | MongoDB connected successfully.
2026-07-05 23:23:47,909 | INFO | MongoDB connection closed.
2026-07-05 23:23:49,059 | INFO | MongoDB connected successfully.
2026-07-05 23:27:27,459 | INFO | MongoDB connection closed.
2026-07-05 23:27:28,878 | INFO | MongoDB connected successfully.
2026-07-05 23:27:56,122 | INFO | MongoDB connection closed.
2026-07-05 23:27:57,607 | INFO | MongoDB connected successfully.
2026-07-05 23:29:00,565 | INFO | MongoDB connection closed.
2026-07-05 23:29:44,082 | INFO | MongoDB connected successfully.
2026-07-05 23:35:02,505 | INFO | MongoDB connection closed.
2026-07-05 23:36:21,826 | INFO | MongoDB connected successfully.
2026-07-05 23:36:34,347 | INFO | MongoDB connection closed.
2026-07-05 23:36:36,075 | INFO | MongoDB connected successfully.
2026-07-05 23:36:49,023 | INFO | MongoDB connection closed.
2026-07-05 23:36:50,305 | INFO | MongoDB connected successfully.
2026-07-05 23:36:50,473 | INFO | MongoDB connection closed.
2026-07-05 23:36:51,938 | INFO | MongoDB connected successfully.
2026-07-05 23:36:52,429 | INFO | MongoDB connection closed.
2026-07-05 23:36:54,391 | INFO | MongoDB connected successfully.
2026-07-05 23:37:01,526 | INFO | MongoDB connection closed.
2026-07-05 23:37:03,051 | INFO | MongoDB connected successfully.
2026-07-05 23:37:08,044 | INFO | MongoDB connection closed.
2026-07-05 23:37:23,318 | INFO | MongoDB connected successfully.
2026-07-05 23:37:49,273 | INFO | New user registered: rahul@gmail.com
2026-07-05 23:43:35,401 | INFO | MongoDB connection closed.
2026-07-06 22:22:12,664 | INFO | MongoDB connected successfully.
2026-07-06 22:27:51,479 | INFO | MongoDB connection closed.
2026-07-06 22:28:08,819 | INFO | MongoDB connected successfully.
2026-07-06 22:28:09,046 | INFO | MongoDB connection closed.
2026-07-06 22:28:10,912 | INFO | MongoDB connected successfully.
2026-07-06 22:28:15,301 | INFO | MongoDB connection closed.
2026-07-06 22:28:17,362 | INFO | MongoDB connected successfully.
2026-07-06 22:28:19,208 | INFO | MongoDB connection closed.
2026-07-06 22:28:21,310 | INFO | MongoDB connected successfully.
2026-07-06 22:28:21,497 | INFO | MongoDB connection closed.
2026-07-06 22:28:23,522 | INFO | MongoDB connected successfully.
2026-07-06 22:28:24,620 | INFO | MongoDB connection closed.
2026-07-06 22:28:26,517 | INFO | MongoDB connected successfully.
2026-07-06 22:28:42,472 | INFO | MongoDB connection closed.
2026-07-06 22:28:44,350 | INFO | MongoDB connected successfully.
2026-07-06 22:28:45,462 | INFO | MongoDB connection closed.
2026-07-06 22:28:47,336 | INFO | MongoDB connected successfully.
2026-07-06 22:28:51,271 | INFO | MongoDB connection closed.
2026-07-06 22:28:53,462 | INFO | MongoDB connected successfully.
2026-07-06 22:28:56,511 | INFO | MongoDB connection closed.
2026-07-06 22:28:58,471 | INFO | MongoDB connected successfully.
2026-07-06 22:29:14,895 | INFO | MongoDB connection closed.
2026-07-06 22:29:16,377 | INFO | MongoDB connected successfully.
2026-07-06 22:34:38,712 | INFO | User logged in successfully: rahul@gmail.com
2026-07-06 22:38:38,581 | INFO | MongoDB connection closed.
2026-07-06 22:38:48,368 | INFO | MongoDB connected successfully.
2026-07-06 22:38:48,661 | INFO | MongoDB connection closed.
2026-07-06 22:38:50,655 | INFO | MongoDB connected successfully.
2026-07-06 22:38:53,187 | INFO | MongoDB connection closed.
2026-07-06 22:38:55,807 | INFO | MongoDB connected successfully.
2026-07-06 22:45:45,333 | INFO | MongoDB connection closed.
2026-07-06 22:45:48,226 | INFO | MongoDB connected successfully.
2026-07-06 22:45:48,776 | INFO | MongoDB connection closed.
2026-07-06 22:45:51,206 | INFO | MongoDB connected successfully.
2026-07-06 22:46:04,453 | INFO | MongoDB connection closed.
2026-07-06 22:46:06,677 | INFO | MongoDB connected successfully.
2026-07-06 22:47:24,295 | INFO | MongoDB connection closed.
2026-07-06 22:48:25,899 | INFO | MongoDB connected successfully.
2026-07-06 22:49:26,439 | INFO | MongoDB connection closed.
2026-07-06 22:49:51,995 | INFO | MongoDB connected successfully.
2026-07-06 22:57:39,924 | INFO | User logged in successfully: rahul@gmail.com
2026-07-06 23:01:13,529 | INFO | User logged in successfully: rahul@gmail.com
2026-07-06 23:02:08,801 | INFO | MongoDB connection closed.
2026-07-06 23:02:11,386 | INFO | MongoDB connected successfully.
2026-07-06 23:03:02,179 | INFO | User logged in successfully: rahul@gmail.com
2026-07-06 23:12:21,289 | INFO | User logged in successfully: rahul@gmail.com
2026-07-06 23:19:27,315 | INFO | MongoDB connection closed.
2026-07-08 11:24:59,168 | INFO | MongoDB connected successfully.
2026-07-08 11:25:23,197 | INFO | MongoDB connection closed.
2026-07-08 11:25:28,375 | INFO | OTP email sent successfully to ballalthushar@gmail.com
2026-07-08 11:25:30,227 | INFO | MongoDB connected successfully.
2026-07-08 11:27:44,842 | INFO | MongoDB connection closed.
2026-07-08 11:27:49,079 | INFO | OTP email sent successfully to ballalthushar@gmail.com
2026-07-08 11:27:50,831 | INFO | MongoDB connected successfully.
2026-07-08 11:27:52,452 | INFO | MongoDB connection closed.
2026-07-08 13:20:33,430 | INFO | MongoDB connected successfully.
2026-07-08 13:30:26,382 | INFO | MongoDB connection closed.
2026-07-08 13:30:28,752 | INFO | MongoDB connected successfully.
2026-07-08 13:34:23,448 | INFO | MongoDB connection closed.
2026-07-08 16:23:35,113 | INFO | MongoDB connected successfully.
2026-07-08 16:25:23,870 | INFO | Generated OTP: 646307
2026-07-08 16:25:23,872 | INFO | OTP Record: email='testuser123@gmail.com' otp='646307' created_at=datetime.datetime(2026, 7, 8, 10, 55, 23, 871971, tzinfo=datetime.timezone.utc) expires_at=datetime.datetime(2026, 7, 8, 11, 5, 23, 871983, tzinfo=datetime.timezone.utc) used=False
2026-07-08 16:25:23,999 | INFO | OTP saved successfully.
2026-07-08 16:25:28,826 | INFO | OTP email sent successfully to testuser123@gmail.com
2026-07-08 16:25:29,092 | INFO | OTP email sent successfully.
2026-07-08 16:25:29,092 | INFO | New user registered: testuser123@gmail.com
2026-07-08 16:29:55,877 | INFO | MongoDB connection closed.
2026-07-08 16:29:58,218 | INFO | MongoDB connected successfully.
2026-07-08 16:29:59,302 | INFO | MongoDB connection closed.
2026-07-08 16:30:45,935 | INFO | MongoDB connected successfully.
2026-07-08 16:30:48,440 | INFO | MongoDB connection closed.
2026-07-08 16:30:50,754 | INFO | MongoDB connected successfully.
2026-07-08 16:30:51,812 | INFO | MongoDB connection closed.
2026-07-08 16:30:54,159 | INFO | MongoDB connected successfully.
2026-07-08 16:30:55,455 | INFO | MongoDB connection closed.
2026-07-08 16:30:57,518 | INFO | MongoDB connected successfully.
2026-07-08 16:30:57,691 | INFO | MongoDB connection closed.
2026-07-08 16:30:59,607 | INFO | MongoDB connected successfully.
2026-07-08 16:31:01,334 | INFO | MongoDB connection closed.
2026-07-08 16:31:03,884 | INFO | MongoDB connected successfully.
2026-07-08 16:36:18,046 | INFO | MongoDB connection closed.
2026-07-08 16:36:36,445 | INFO | MongoDB connected successfully.
2026-07-08 16:36:40,836 | INFO | MongoDB connection closed.
2026-07-08 16:36:46,672 | INFO | MongoDB connected successfully.
2026-07-08 16:47:45,132 | INFO | MongoDB connection closed.
2026-07-08 16:47:47,139 | INFO | MongoDB connected successfully.
2026-07-08 19:30:45,930 | INFO | MongoDB connection closed.
2026-07-08 19:34:38,828 | INFO | MongoDB connected successfully.
2026-07-08 19:34:44,201 | INFO | MongoDB connection closed.
2026-07-08 19:34:45,824 | INFO | MongoDB connected successfully.
2026-07-08 19:36:55,364 | INFO | MongoDB connection closed.
2026-07-09 16:18:50,810 | INFO | MongoDB connected successfully.
2026-07-09 16:22:23,630 | INFO | MongoDB connection closed.
2026-07-09 16:22:29,364 | INFO | MongoDB connected successfully.
2026-07-09 16:29:22,910 | INFO | MongoDB connection closed.
2026-07-09 16:29:53,441 | INFO | MongoDB connected successfully.
2026-07-09 16:29:53,651 | INFO | MongoDB connection closed.
2026-07-09 16:29:56,047 | INFO | MongoDB connected successfully.
2026-07-09 16:30:00,431 | INFO | MongoDB connection closed.
2026-07-09 16:30:02,210 | INFO | MongoDB connected successfully.
2026-07-09 16:30:05,285 | INFO | MongoDB connection closed.
2026-07-09 16:30:17,337 | INFO | MongoDB connected successfully.
2026-07-09 16:33:20,668 | INFO | Generated OTP: 670957
2026-07-09 16:33:20,669 | INFO | OTP Record: email='testuser456@gmail.com' otp='670957' created_at=datetime.datetime(2026, 7, 9, 11, 3, 20, 669744, tzinfo=datetime.timezone.utc) expires_at=datetime.datetime(2026, 7, 9, 11, 13, 20, 669751, tzinfo=datetime.timezone.utc) used=False
2026-07-09 16:33:20,673 | INFO | OTP saved successfully.
2026-07-09 16:33:26,213 | INFO | OTP email sent successfully to testuser456@gmail.com
2026-07-09 16:33:26,623 | INFO | OTP email sent successfully.
2026-07-09 16:33:26,623 | INFO | New user registered: testuser456@gmail.com
2026-07-09 16:42:43,568 | INFO | Generated OTP: 942709
2026-07-09 16:42:43,569 | INFO | OTP Record: email='ballalthushar@gmail.com' otp='942709' created_at=datetime.datetime(2026, 7, 9, 11, 12, 43, 569659, tzinfo=datetime.timezone.utc) expires_at=datetime.datetime(2026, 7, 9, 11, 22, 43, 569670, tzinfo=datetime.timezone.utc) used=False
2026-07-09 16:42:43,573 | INFO | OTP saved successfully.
2026-07-09 16:42:54,642 | ERROR | Failed to send OTP email: [Errno 11001] getaddrinfo failed
2026-07-09 16:43:22,230 | INFO | Generated OTP: 747026
2026-07-09 16:43:22,231 | INFO | OTP Record: email='ballalthushar6333@gmail.com' otp='747026' created_at=datetime.datetime(2026, 7, 9, 11, 13, 22, 231381, tzinfo=datetime.timezone.utc) expires_at=datetime.datetime(2026, 7, 9, 11, 23, 22, 231390, tzinfo=datetime.timezone.utc) used=False
2026-07-09 16:43:22,235 | INFO | OTP saved successfully.
2026-07-09 16:43:22,241 | ERROR | Failed to send OTP email: [Errno 11001] getaddrinfo failed
2026-07-09 16:45:07,323 | INFO | Generated OTP: 248222
2026-07-09 16:45:07,325 | INFO | OTP Record: email='thushar6333@gmail.com' otp='248222' created_at=datetime.datetime(2026, 7, 9, 11, 15, 7, 325095, tzinfo=datetime.timezone.utc) expires_at=datetime.datetime(2026, 7, 9, 11, 25, 7, 325106, tzinfo=datetime.timezone.utc) used=False
2026-07-09 16:45:07,331 | INFO | OTP saved successfully.
2026-07-09 16:45:12,305 | INFO | OTP email sent successfully to thushar6333@gmail.com
2026-07-09 16:45:12,612 | INFO | OTP email sent successfully.
2026-07-09 16:45:12,613 | INFO | New user registered: thushar6333@gmail.com
2026-07-09 16:46:00,625 | INFO | Email verified successfully: thushar6333@gmail.com
2026-07-09 16:51:32,151 | INFO | MongoDB connection closed.
2026-07-09 16:51:34,491 | INFO | MongoDB connected successfully.
2026-07-09 16:51:37,680 | INFO | MongoDB connection closed.
2026-07-09 16:51:39,591 | INFO | MongoDB connected successfully.
2026-07-09 16:51:46,023 | INFO | MongoDB connection closed.
2026-07-09 17:06:11,919 | INFO | MongoDB connected successfully.
2026-07-09 17:07:04,147 | INFO | OTP email sent successfully to testuser456@gmail.com
2026-07-09 17:07:04,558 | INFO | Password reset OTP sent to testuser456@gmail.com
2026-07-09 17:07:38,964 | INFO | OTP email sent successfully to ballalthushar@gmail.com
2026-07-09 17:07:39,374 | INFO | Password reset OTP sent to ballalthushar@gmail.com
2026-07-09 17:26:52,983 | INFO | MongoDB connection closed.
2026-07-09 17:26:54,327 | INFO | MongoDB connected successfully.
2026-07-09 17:26:54,531 | INFO | MongoDB connection closed.
2026-07-09 17:26:55,933 | INFO | MongoDB connected successfully.
2026-07-09 17:26:56,867 | INFO | MongoDB connection closed.
2026-07-09 17:41:41,254 | INFO | MongoDB connected successfully.
2026-07-09 17:44:41,225 | INFO | OTP email sent successfully to ballalthushar@gmail.com
2026-07-09 17:44:41,521 | INFO | Password reset OTP sent to ballalthushar@gmail.com
2026-07-09 17:45:13,309 | INFO | Password reset successfully for ballalthushar@gmail.com
2026-07-09 17:46:40,704 | INFO | MongoDB connection closed.
2026-07-09 17:46:42,177 | INFO | MongoDB connected successfully.
2026-07-09 17:47:02,588 | INFO | MongoDB connection closed.
2026-07-09 17:47:03,789 | INFO | MongoDB connected successfully.
2026-07-09 17:47:04,398 | INFO | MongoDB connection closed.
2026-07-09 17:47:05,823 | INFO | MongoDB connected successfully.
2026-07-09 17:47:07,849 | INFO | MongoDB connection closed.
2026-07-09 17:47:09,393 | INFO | MongoDB connected successfully.
2026-07-09 17:47:10,980 | INFO | MongoDB connection closed.
2026-07-09 17:47:12,529 | INFO | MongoDB connected successfully.
2026-07-09 17:47:12,687 | INFO | MongoDB connection closed.
2026-07-09 17:47:14,092 | INFO | MongoDB connected successfully.
2026-07-09 17:47:14,246 | INFO | MongoDB connection closed.
2026-07-09 17:47:15,606 | INFO | MongoDB connected successfully.
2026-07-09 17:49:28,131 | INFO | MongoDB connection closed.
2026-07-09 17:49:29,458 | INFO | MongoDB connected successfully.
2026-07-09 17:49:29,640 | INFO | MongoDB connection closed.
2026-07-09 17:49:31,109 | INFO | MongoDB connected successfully.
2026-07-09 17:51:29,078 | INFO | MongoDB connection closed.
2026-07-09 17:51:30,188 | INFO | MongoDB connected successfully.
2026-07-09 17:51:34,087 | INFO | MongoDB connection closed.
2026-07-09 17:51:35,363 | INFO | MongoDB connected successfully.
2026-07-09 17:51:36,839 | INFO | MongoDB connection closed.
2026-07-09 17:51:37,860 | INFO | MongoDB connected successfully.
2026-07-09 17:51:43,615 | INFO | MongoDB connection closed.
2026-07-09 17:51:45,011 | INFO | MongoDB connected successfully.
2026-07-09 17:51:47,573 | INFO | MongoDB connection closed.
2026-07-09 17:51:49,144 | INFO | MongoDB connected successfully.
2026-07-09 17:51:49,295 | INFO | MongoDB connection closed.
2026-07-09 17:51:50,730 | INFO | MongoDB connected successfully.
2026-07-09 17:51:54,159 | INFO | MongoDB connection closed.
2026-07-09 17:51:55,312 | INFO | MongoDB connected successfully.
2026-07-09 17:51:55,465 | INFO | MongoDB connection closed.
2026-07-09 17:51:56,941 | INFO | MongoDB connected successfully.
2026-07-09 17:51:57,554 | INFO | MongoDB connection closed.
2026-07-09 17:51:59,032 | INFO | MongoDB connected successfully.
2026-07-09 17:52:10,018 | INFO | MongoDB connection closed.
2026-07-09 17:52:11,736 | INFO | MongoDB connected successfully.
2026-07-09 17:57:06,403 | INFO | MongoDB connection closed.
2026-07-09 17:57:07,879 | INFO | MongoDB connected successfully.
2026-07-09 17:57:38,656 | INFO | MongoDB connection closed.
2026-07-09 17:57:39,990 | INFO | MongoDB connected successfully.
2026-07-09 17:57:40,146 | INFO | MongoDB connection closed.
2026-07-09 17:57:41,574 | INFO | MongoDB connected successfully.
2026-07-09 17:57:41,835 | INFO | MongoDB connection closed.
2026-07-09 17:58:57,071 | INFO | MongoDB connected successfully.
2026-07-09 18:00:03,756 | INFO | OTP email sent successfully to ballalthushar@gmail.com
2026-07-09 18:00:04,055 | INFO | OTP resent successfully to ballalthushar@gmail.com
2026-07-10 20:31:02,498 | INFO | MongoDB connected successfully.
2026-07-10 20:36:57,627 | INFO | MongoDB connection closed.
2026-07-10 20:37:00,977 | INFO | MongoDB connected successfully.
2026-07-10 20:37:01,759 | INFO | MongoDB connection closed.
2026-07-10 20:37:04,378 | INFO | MongoDB connected successfully.
2026-07-10 20:37:09,816 | INFO | MongoDB connection closed.
2026-07-10 20:37:12,668 | INFO | MongoDB connected successfully.
2026-07-10 20:37:34,465 | INFO | MongoDB connection closed.
2026-07-10 20:37:37,069 | INFO | MongoDB connected successfully.
2026-07-10 20:37:37,275 | INFO | MongoDB connection closed.
2026-07-10 20:37:40,180 | INFO | MongoDB connected successfully.
2026-07-10 20:38:15,601 | INFO | MongoDB connection closed.
2026-07-10 20:38:18,410 | INFO | MongoDB connected successfully.
2026-07-10 20:40:24,876 | INFO | MongoDB connection closed.
2026-07-10 20:40:32,221 | INFO | MongoDB connected successfully.
2026-07-10 20:46:26,802 | INFO | MongoDB connection closed.
2026-07-10 20:54:10,309 | INFO | MongoDB connected successfully.
2026-07-10 20:57:45,299 | INFO | MongoDB connection closed.
2026-07-10 20:57:48,481 | INFO | MongoDB connected successfully.
2026-07-10 20:58:08,284 | INFO | MongoDB connection closed.
2026-07-10 20:58:16,152 | INFO | MongoDB connected successfully.
2026-07-10 20:58:36,211 | INFO | Medicine added successfully: Paracetamol
2026-07-10 20:58:43,102 | INFO | MongoDB connection closed.
2026-07-10 21:08:02,542 | INFO | MongoDB connected successfully.
2026-07-10 21:12:55,147 | INFO | Retrieved all medicines successfully.
2026-07-10 21:13:01,443 | INFO | Retrieved all medicines successfully.
2026-07-10 21:21:15,059 | INFO | MongoDB connection closed.
2026-07-10 21:21:17,907 | INFO | MongoDB connected successfully.
2026-07-10 21:21:22,895 | INFO | MongoDB connection closed.
2026-07-10 21:29:13,400 | INFO | MongoDB connected successfully.
2026-07-10 21:49:58,224 | INFO | MongoDB connection closed.
2026-07-10 21:50:00,386 | INFO | MongoDB connected successfully.
2026-07-10 21:50:00,574 | INFO | MongoDB connection closed.
2026-07-10 21:50:02,210 | INFO | MongoDB connected successfully.
2026-07-10 21:50:03,809 | INFO | MongoDB connection closed.
2026-07-10 21:50:05,652 | INFO | MongoDB connected successfully.
2026-07-10 21:50:05,833 | INFO | MongoDB connection closed.
2026-07-10 21:50:07,863 | INFO | MongoDB connected successfully.
2026-07-10 21:50:13,417 | INFO | MongoDB connection closed.
2026-07-10 21:50:15,235 | INFO | MongoDB connected successfully.
2026-07-10 21:50:15,401 | INFO | MongoDB connection closed.
2026-07-10 21:50:17,022 | INFO | MongoDB connected successfully.
2026-07-10 21:50:17,193 | INFO | MongoDB connection closed.
2026-07-10 21:50:18,956 | INFO | MongoDB connected successfully.
2026-07-10 21:50:19,454 | INFO | MongoDB connection closed.
2026-07-10 21:50:21,184 | INFO | MongoDB connected successfully.
2026-07-10 21:50:24,851 | INFO | MongoDB connection closed.
2026-07-10 21:50:26,523 | INFO | MongoDB connected successfully.
2026-07-10 21:50:28,885 | INFO | MongoDB connection closed.
2026-07-10 21:55:06,489 | INFO | MongoDB connected successfully.
2026-07-10 21:56:04,240 | INFO | Medicine updated successfully: 6a510fa4b9f9f5bbc5991621
2026-07-10 22:01:13,353 | INFO | MongoDB connection closed.
2026-07-10 22:01:28,146 | INFO | MongoDB connected successfully.
2026-07-10 22:02:24,356 | INFO | MongoDB connection closed.
2026-07-10 22:02:26,007 | INFO | MongoDB connected successfully.
2026-07-10 22:06:55,683 | INFO | MongoDB connection closed.
2026-07-10 22:06:57,057 | INFO | MongoDB connected successfully.
2026-07-10 22:06:57,988 | INFO | MongoDB connection closed.
2026-07-10 22:06:59,255 | INFO | MongoDB connected successfully.
2026-07-10 22:07:02,694 | INFO | MongoDB connection closed.
2026-07-10 22:07:04,021 | INFO | MongoDB connected successfully.
2026-07-10 22:07:04,505 | INFO | MongoDB connection closed.
2026-07-10 22:07:06,195 | INFO | MongoDB connected successfully.
2026-07-10 22:07:07,128 | INFO | MongoDB connection closed.
2026-07-10 22:07:08,509 | INFO | MongoDB connected successfully.
2026-07-10 22:07:09,006 | INFO | MongoDB connection closed.
2026-07-10 22:07:10,712 | INFO | MongoDB connected successfully.
2026-07-10 22:07:11,645 | INFO | MongoDB connection closed.
2026-07-10 22:07:12,956 | INFO | MongoDB connected successfully.
2026-07-10 22:07:13,885 | INFO | MongoDB connection closed.
2026-07-10 22:07:15,238 | INFO | MongoDB connected successfully.
2026-07-10 22:07:15,729 | INFO | MongoDB connection closed.
2026-07-10 22:07:16,993 | INFO | MongoDB connected successfully.
2026-07-10 22:07:18,456 | INFO | MongoDB connection closed.
2026-07-10 22:07:19,651 | INFO | MongoDB connected successfully.
2026-07-10 22:07:27,665 | INFO | MongoDB connection closed.
2026-07-10 22:07:29,351 | INFO | MongoDB connected successfully.
2026-07-10 22:10:04,134 | INFO | MongoDB connection closed.
2026-07-10 22:10:05,642 | INFO | MongoDB connected successfully.
2026-07-10 22:10:18,362 | INFO | MongoDB connection closed.
2026-07-10 22:10:19,919 | INFO | MongoDB connected successfully.
2026-07-10 22:10:39,106 | INFO | MongoDB connection closed.
2026-07-10 22:10:40,716 | INFO | MongoDB connected successfully.
2026-07-10 22:10:40,872 | INFO | MongoDB connection closed.
2026-07-10 22:10:42,670 | INFO | MongoDB connected successfully.
2026-07-10 22:10:44,047 | INFO | MongoDB connection closed.
2026-07-10 22:10:45,378 | INFO | MongoDB connected successfully.
2026-07-10 22:10:46,968 | INFO | MongoDB connection closed.
2026-07-10 22:10:48,625 | INFO | MongoDB connected successfully.
2026-07-10 22:12:54,953 | INFO | MongoDB connection closed.
2026-07-10 22:12:56,479 | INFO | MongoDB connected successfully.
2026-07-10 22:15:19,611 | INFO | Medicine archived successfully: 6a510fa4b9f9f5bbc5991621
2026-07-10 22:19:36,290 | INFO | MongoDB connection closed.
2026-07-10 22:19:37,744 | INFO | MongoDB connected successfully.
2026-07-10 22:19:40,240 | INFO | MongoDB connection closed.
2026-07-10 22:19:41,977 | INFO | MongoDB connected successfully.
2026-07-10 22:19:42,903 | INFO | MongoDB connection closed.
2026-07-10 22:19:44,102 | INFO | MongoDB connected successfully.
2026-07-10 22:19:45,126 | INFO | MongoDB connection closed.
2026-07-10 22:19:46,824 | INFO | MongoDB connected successfully.
2026-07-10 22:29:30,998 | INFO | MongoDB connection closed.
2026-07-10 22:29:32,706 | INFO | MongoDB connected successfully.
2026-07-10 22:29:32,874 | INFO | MongoDB connection closed.
2026-07-10 22:29:34,364 | INFO | MongoDB connected successfully.
2026-07-10 22:29:36,395 | INFO | MongoDB connection closed.
2026-07-10 22:29:38,056 | INFO | MongoDB connected successfully.
2026-07-10 22:29:41,518 | INFO | MongoDB connection closed.
2026-07-10 22:29:42,798 | INFO | MongoDB connected successfully.
2026-07-10 22:29:49,617 | INFO | MongoDB connection closed.
2026-07-10 22:29:51,081 | INFO | MongoDB connected successfully.
2026-07-10 22:30:19,010 | INFO | MongoDB connection closed.
2026-07-10 22:30:22,868 | INFO | MongoDB connected successfully.
2026-07-10 22:30:26,744 | INFO | MongoDB connection closed.
2026-07-10 22:30:28,079 | INFO | MongoDB connected successfully.
2026-07-10 22:30:44,427 | INFO | MongoDB connection closed.
2026-07-10 22:30:45,890 | INFO | MongoDB connected successfully.
2026-07-10 22:30:46,058 | INFO | MongoDB connection closed.
2026-07-10 22:30:47,615 | INFO | MongoDB connected successfully.
2026-07-10 22:31:59,113 | INFO | MongoDB connection closed.
2026-07-10 22:32:00,474 | INFO | MongoDB connected successfully.
2026-07-10 22:32:00,868 | INFO | MongoDB connection closed.
2026-07-10 22:32:02,149 | INFO | MongoDB connected successfully.
2026-07-10 22:32:04,055 | INFO | MongoDB connection closed.
2026-07-10 22:32:05,216 | INFO | MongoDB connected successfully.
2026-07-10 22:32:53,555 | INFO | Medicine search completed: para
2026-07-10 22:32:55,264 | INFO | Medicine search completed: para
2026-07-10 22:33:58,169 | INFO | Medicine search completed: dolo
2026-07-10 22:38:26,546 | INFO | Medicine search completed: para
2026-07-10 22:42:00,071 | INFO | MongoDB connection closed.
2026-07-10 22:42:01,624 | INFO | MongoDB connected successfully.
2026-07-10 22:42:02,150 | INFO | MongoDB connection closed.
2026-07-10 22:42:03,921 | INFO | MongoDB connected successfully.
2026-07-10 22:43:04,695 | INFO | MongoDB connection closed.
2026-07-10 22:43:11,135 | INFO | MongoDB connected successfully.
2026-07-10 22:43:22,843 | INFO | MongoDB connection closed.
2026-07-10 22:43:31,051 | INFO | MongoDB connected successfully.
2026-07-10 22:44:02,658 | INFO | MongoDB connection closed.
2026-07-10 22:44:04,482 | INFO | MongoDB connected successfully.
2026-07-12 12:24:13,890 | INFO | MongoDB connected successfully.
2026-07-12 12:47:34,548 | INFO | MongoDB connected successfully.
2026-07-12 12:57:12,674 | INFO | Medicine added successfully: string
2026-07-12 12:59:45,793 | INFO | Retrieved all medicines successfully.
2026-07-12 13:01:36,451 | INFO | Batch added successfully: PCM2401
2026-07-12 13:02:18,697 | INFO | Retrieved all batches successfully.
2026-07-12 13:03:30,088 | INFO | Retrieved all batches successfully.
2026-07-12 13:04:37,013 | INFO | Retrieved batch: 6a5342d8d6a35c8c7aa1830b
2026-07-12 13:07:26,652 | INFO | Batch updated successfully: 6a5342d8d6a35c8c7aa1830b
2026-07-12 13:11:15,478 | INFO | Batch search completed: PCM2401
2026-07-12 13:11:44,416 | INFO | Batch search completed: Paracetamol
2026-07-12 13:11:56,813 | INFO | Batch search completed: PMBI Regional Warehouse
2026-07-12 13:12:06,147 | INFO | Batch search completed: INV2001
2026-07-12 13:13:17,297 | INFO | Retrieved all batches successfully.
2026-07-12 13:13:37,607 | INFO | Batch archived successfully: 6a5342d8d6a35c8c7aa1830b
2026-07-12 13:15:34,127 | INFO | Batch restored successfully: 6a5342d8d6a35c8c7aa1830b
2026-07-12 13:15:53,840 | INFO | Retrieved all batches successfully.
2026-07-12 17:42:01,059 | INFO | MongoDB connected successfully.
2026-07-12 17:44:30,142 | INFO | MongoDB connection closed.
2026-07-12 17:44:32,176 | INFO | MongoDB connected successfully.
2026-07-12 17:45:24,417 | INFO | MongoDB connection closed.
2026-07-12 17:45:26,561 | INFO | MongoDB connected successfully.
2026-07-12 17:45:30,251 | INFO | MongoDB connection closed.
2026-07-12 17:45:32,872 | INFO | MongoDB connected successfully.
2026-07-12 17:45:33,104 | INFO | MongoDB connection closed.
2026-07-12 17:45:35,335 | INFO | MongoDB connected successfully.
2026-07-12 17:45:35,659 | INFO | MongoDB connection closed.
2026-07-12 17:45:37,586 | INFO | MongoDB connected successfully.
2026-07-12 17:45:38,636 | INFO | MongoDB connection closed.
2026-07-12 17:45:51,197 | INFO | MongoDB connected successfully.
2026-07-12 17:46:19,623 | INFO | Inventory dashboard generated successfully.
2026-07-12 17:50:12,017 | INFO | Retrieved all medicines successfully.
2026-07-12 17:50:33,488 | INFO | Batch added successfully: PCM2402
2026-07-12 17:52:29,906 | INFO | Medicine added successfully: Amoxicillin
2026-07-12 17:52:35,801 | INFO | Retrieved all medicines successfully.
2026-07-12 17:53:03,373 | INFO | Batch added successfully: PCM2402
2026-07-12 20:42:29,254 | INFO | MongoDB connected successfully.
2026-07-12 20:42:48,719 | INFO | Inventory dashboard generated successfully.
2026-07-12 20:43:49,428 | INFO | MongoDB connection closed.
2026-07-12 20:43:50,919 | INFO | MongoDB connected successfully.
2026-07-12 20:43:55,478 | INFO | MongoDB connection closed.
2026-07-12 20:43:57,224 | INFO | MongoDB connected successfully.
2026-07-12 20:43:58,160 | INFO | MongoDB connection closed.
2026-07-12 20:44:16,961 | INFO | MongoDB connected successfully.
2026-07-12 20:44:38,785 | INFO | MongoDB connection closed.
2026-07-12 20:44:40,031 | INFO | MongoDB connected successfully.
2026-07-12 20:44:41,508 | INFO | MongoDB connection closed.
2026-07-12 20:44:42,676 | INFO | MongoDB connected successfully.
2026-07-12 20:44:43,179 | INFO | MongoDB connection closed.
2026-07-12 20:44:44,758 | INFO | MongoDB connected successfully.
2026-07-12 20:44:48,994 | INFO | MongoDB connection closed.
2026-07-12 20:44:50,487 | INFO | MongoDB connected successfully.
2026-07-12 20:45:07,047 | INFO | MongoDB connection closed.
2026-07-12 20:45:12,143 | INFO | MongoDB connected successfully.
2026-07-12 20:45:18,677 | INFO | MongoDB connection closed.
2026-07-12 20:45:20,245 | INFO | MongoDB connected successfully.
2026-07-12 20:45:22,156 | INFO | MongoDB connection closed.
2026-07-12 20:45:23,403 | INFO | MongoDB connected successfully.
2026-07-12 20:45:23,886 | INFO | MongoDB connection closed.
2026-07-12 20:45:25,463 | INFO | MongoDB connected successfully.
2026-07-12 20:45:25,965 | INFO | MongoDB connection closed.
2026-07-12 20:45:27,590 | INFO | MongoDB connected successfully.
2026-07-12 20:45:29,944 | INFO | MongoDB connection closed.
2026-07-12 20:45:31,334 | INFO | MongoDB connected successfully.
2026-07-12 20:45:32,689 | INFO | MongoDB connection closed.
2026-07-12 20:45:33,859 | INFO | MongoDB connected successfully.
2026-07-12 20:45:35,437 | INFO | MongoDB connection closed.
2026-07-12 20:45:37,024 | INFO | MongoDB connected successfully.
2026-07-12 20:51:05,443 | INFO | MongoDB connection closed.
2026-07-12 20:51:06,982 | INFO | MongoDB connected successfully.
2026-07-12 20:51:07,925 | INFO | MongoDB connection closed.
2026-07-12 20:51:09,016 | INFO | MongoDB connected successfully.
2026-07-12 20:51:11,370 | INFO | MongoDB connection closed.
2026-07-12 20:51:12,636 | INFO | MongoDB connected successfully.
2026-07-12 20:51:13,123 | INFO | MongoDB connection closed.
2026-07-12 20:51:14,606 | INFO | MongoDB connected successfully.
2026-07-12 20:51:16,192 | INFO | MongoDB connection closed.
2026-07-12 20:51:17,771 | INFO | MongoDB connected successfully.
2026-07-12 20:51:17,928 | INFO | MongoDB connection closed.
2026-07-12 20:51:19,334 | INFO | MongoDB connected successfully.
2026-07-12 20:51:20,802 | INFO | MongoDB connection closed.
2026-07-12 20:51:22,017 | INFO | MongoDB connected successfully.
2026-07-12 20:51:22,502 | INFO | MongoDB connection closed.
2026-07-12 20:51:24,032 | INFO | MongoDB connected successfully.
2026-07-12 20:51:32,315 | INFO | MongoDB connection closed.
2026-07-12 20:51:33,769 | INFO | MongoDB connected successfully.
2026-07-12 20:51:33,921 | INFO | MongoDB connection closed.
2026-07-12 20:51:35,441 | INFO | MongoDB connected successfully.
2026-07-12 20:51:35,606 | INFO | MongoDB connection closed.
2026-07-12 20:51:36,990 | INFO | MongoDB connected successfully.
2026-07-12 20:51:39,340 | INFO | MongoDB connection closed.
2026-07-12 20:51:40,453 | INFO | MongoDB connected successfully.
2026-07-12 20:51:42,914 | INFO | MongoDB connection closed.
2026-07-12 20:51:44,089 | INFO | MongoDB connected successfully.
2026-07-12 20:51:45,133 | INFO | MongoDB connection closed.
2026-07-12 20:51:46,742 | INFO | MongoDB connected successfully.
2026-07-12 21:15:14,602 | INFO | MongoDB connection closed.
2026-07-12 21:15:28,778 | INFO | MongoDB connected successfully.
2026-07-12 21:15:29,609 | INFO | MongoDB connection closed.
2026-07-12 21:15:31,010 | INFO | MongoDB connected successfully.
2026-07-12 21:15:49,108 | INFO | MongoDB connection closed.
2026-07-12 21:15:50,656 | INFO | MongoDB connected successfully.
2026-07-12 21:15:51,723 | INFO | MongoDB connection closed.
2026-07-12 21:15:53,292 | INFO | MongoDB connected successfully.
2026-07-12 21:16:03,876 | INFO | MongoDB connection closed.
2026-07-12 21:16:05,352 | INFO | MongoDB connected successfully.
2026-07-12 21:16:55,213 | INFO | MongoDB connection closed.
2026-07-12 21:16:56,443 | INFO | MongoDB connected successfully.
2026-07-12 21:16:57,917 | INFO | MongoDB connection closed.
2026-07-12 21:16:59,091 | INFO | MongoDB connected successfully.
2026-07-12 21:17:01,443 | INFO | MongoDB connection closed.
2026-07-12 21:17:02,631 | INFO | MongoDB connected successfully.
2026-07-12 21:19:46,171 | INFO | Low stock batches retrieved successfully.
2026-07-12 21:37:28,918 | INFO | MongoDB connection closed.
2026-07-12 21:37:31,495 | INFO | MongoDB connected successfully.
2026-07-12 21:37:31,695 | INFO | MongoDB connection closed.
2026-07-12 21:37:33,212 | INFO | MongoDB connected successfully.
2026-07-12 21:37:33,704 | INFO | MongoDB connection closed.
2026-07-12 21:37:35,199 | INFO | MongoDB connected successfully.
2026-07-12 21:37:37,114 | INFO | MongoDB connection closed.
2026-07-12 21:37:38,346 | INFO | MongoDB connected successfully.
2026-07-12 21:37:38,723 | INFO | MongoDB connection closed.
2026-07-12 21:37:39,872 | INFO | MongoDB connected successfully.
2026-07-12 21:37:42,344 | INFO | MongoDB connection closed.
2026-07-12 21:37:43,882 | INFO | MongoDB connected successfully.
2026-07-12 21:37:44,042 | INFO | MongoDB connection closed.
2026-07-12 21:37:45,476 | INFO | MongoDB connected successfully.
2026-07-12 21:37:45,960 | INFO | MongoDB connection closed.
2026-07-12 21:37:47,609 | INFO | MongoDB connected successfully.
2026-07-12 21:37:49,096 | INFO | MongoDB connection closed.
2026-07-12 21:37:50,122 | INFO | MongoDB connected successfully.
2026-07-12 21:37:51,617 | INFO | MongoDB connection closed.
2026-07-12 21:37:53,108 | INFO | MongoDB connected successfully.
2026-07-12 21:37:59,963 | INFO | MongoDB connection closed.
2026-07-12 21:38:01,307 | INFO | MongoDB connected successfully.
2026-07-12 21:38:01,696 | INFO | MongoDB connection closed.
2026-07-12 21:38:02,898 | INFO | MongoDB connected successfully.
2026-07-12 21:38:06,126 | INFO | MongoDB connection closed.
2026-07-12 21:38:07,624 | INFO | MongoDB connected successfully.
2026-07-12 21:38:08,108 | INFO | MongoDB connection closed.
2026-07-12 21:38:09,725 | INFO | MongoDB connected successfully.
2026-07-12 21:38:10,101 | INFO | MongoDB connection closed.
2026-07-12 21:38:11,228 | INFO | MongoDB connected successfully.
2026-07-12 21:41:53,550 | INFO | MongoDB connection closed.
2026-07-12 21:41:55,041 | INFO | MongoDB connected successfully.
2026-07-12 21:42:07,478 | INFO | MongoDB connection closed.
2026-07-12 21:42:08,659 | INFO | MongoDB connected successfully.
2026-07-12 21:42:10,568 | INFO | MongoDB connection closed.
2026-07-12 21:42:11,761 | INFO | MongoDB connected successfully.
2026-07-12 21:42:12,246 | INFO | MongoDB connection closed.
2026-07-12 21:42:13,334 | INFO | MongoDB connected successfully.
2026-07-12 21:42:15,231 | INFO | MongoDB connection closed.
2026-07-12 21:42:16,457 | INFO | MongoDB connected successfully.
2026-07-12 21:42:16,937 | INFO | MongoDB connection closed.
2026-07-12 21:42:18,023 | INFO | MongoDB connected successfully.
2026-07-12 21:42:19,401 | INFO | MongoDB connection closed.
2026-07-12 21:42:20,664 | INFO | MongoDB connected successfully.
2026-07-12 21:42:20,819 | INFO | MongoDB connection closed.
2026-07-12 21:42:22,264 | INFO | MongoDB connected successfully.
2026-07-12 21:42:22,753 | INFO | MongoDB connection closed.
2026-07-12 21:42:23,885 | INFO | MongoDB connected successfully.
2026-07-12 21:42:24,039 | INFO | MongoDB connection closed.
2026-07-12 21:42:25,455 | INFO | MongoDB connected successfully.
2026-07-12 21:42:29,115 | INFO | MongoDB connection closed.
2026-07-12 21:42:30,550 | INFO | MongoDB connected successfully.
2026-07-12 21:42:30,737 | INFO | MongoDB connection closed.
2026-07-12 21:42:32,196 | INFO | MongoDB connected successfully.
2026-07-12 21:42:33,556 | INFO | MongoDB connection closed.
2026-07-12 21:42:34,727 | INFO | MongoDB connected successfully.
2026-07-12 21:42:36,199 | INFO | MongoDB connection closed.
2026-07-12 21:42:37,732 | INFO | MongoDB connected successfully.
2026-07-12 21:42:37,886 | INFO | MongoDB connection closed.
2026-07-12 21:42:39,283 | INFO | MongoDB connected successfully.
2026-07-12 21:42:41,631 | INFO | MongoDB connection closed.
2026-07-12 21:42:42,885 | INFO | MongoDB connected successfully.
2026-07-12 21:42:43,807 | INFO | MongoDB connection closed.
2026-07-12 21:42:44,972 | INFO | MongoDB connected successfully.
2026-07-12 21:51:29,053 | INFO | MongoDB connection closed.
2026-07-12 21:51:30,651 | INFO | MongoDB connected successfully.
2026-07-12 21:51:31,159 | INFO | MongoDB connection closed.
2026-07-12 21:51:32,920 | INFO | MongoDB connected successfully.
2026-07-12 21:51:41,683 | INFO | MongoDB connection closed.
2026-07-12 21:51:43,337 | INFO | MongoDB connected successfully.
2026-07-12 21:51:54,186 | INFO | MongoDB connection closed.
2026-07-12 21:51:55,485 | INFO | MongoDB connected successfully.
2026-07-12 21:51:55,650 | INFO | MongoDB connection closed.
2026-07-12 21:51:57,109 | INFO | MongoDB connected successfully.
2026-07-12 21:51:58,061 | INFO | MongoDB connection closed.
2026-07-12 21:51:59,376 | INFO | MongoDB connected successfully.
2026-07-12 21:52:00,295 | INFO | MongoDB connection closed.
2026-07-12 21:52:01,545 | INFO | MongoDB connected successfully.
2026-07-12 21:52:02,893 | INFO | MongoDB connection closed.
2026-07-12 21:52:04,138 | INFO | MongoDB connected successfully.
2026-07-12 21:52:06,463 | INFO | MongoDB connection closed.
2026-07-12 21:52:07,688 | INFO | MongoDB connected successfully.
2026-07-12 21:52:07,858 | INFO | MongoDB connection closed.
2026-07-12 21:52:09,356 | INFO | MongoDB connected successfully.
2026-07-12 21:53:32,579 | INFO | MongoDB connection closed.
2026-07-12 21:53:34,152 | INFO | MongoDB connected successfully.
2026-07-12 21:53:34,417 | INFO | MongoDB connection closed.
2026-07-12 21:53:35,843 | INFO | MongoDB connected successfully.
2026-07-12 21:53:35,998 | INFO | MongoDB connection closed.
2026-07-12 21:53:37,657 | INFO | MongoDB connected successfully.
2026-07-12 21:53:38,570 | INFO | MongoDB connection closed.
2026-07-12 21:53:39,819 | INFO | MongoDB connected successfully.
2026-07-12 21:53:40,314 | INFO | MongoDB connection closed.
2026-07-12 21:53:41,886 | INFO | MongoDB connected successfully.
2026-07-12 21:53:42,805 | INFO | MongoDB connection closed.
2026-07-12 21:53:44,013 | INFO | MongoDB connected successfully.
2026-07-12 21:53:44,509 | INFO | MongoDB connection closed.
2026-07-12 21:53:46,096 | INFO | MongoDB connected successfully.
2026-07-12 21:53:47,560 | INFO | MongoDB connection closed.
2026-07-12 21:53:48,838 | INFO | MongoDB connected successfully.
2026-07-12 21:53:50,624 | INFO | MongoDB connection closed.
2026-07-12 21:53:51,979 | INFO | MongoDB connected successfully.
2026-07-12 21:57:26,799 | INFO | MongoDB connection closed.
2026-07-12 21:57:28,384 | INFO | MongoDB connected successfully.
2026-07-12 21:57:28,655 | INFO | MongoDB connection closed.
2026-07-12 21:57:29,989 | INFO | MongoDB connected successfully.
2026-07-12 21:57:30,914 | INFO | MongoDB connection closed.
2026-07-12 21:57:32,175 | INFO | MongoDB connected successfully.
2026-07-12 21:57:32,331 | INFO | MongoDB connection closed.
2026-07-12 21:57:33,884 | INFO | MongoDB connected successfully.
2026-07-12 21:57:34,702 | INFO | MongoDB connection closed.
2026-07-12 21:57:36,043 | INFO | MongoDB connected successfully.
2026-07-12 21:57:36,539 | INFO | MongoDB connection closed.
2026-07-12 21:57:38,187 | INFO | MongoDB connected successfully.
2026-07-12 21:57:38,667 | INFO | MongoDB connection closed.
2026-07-12 21:57:40,274 | INFO | MongoDB connected successfully.
2026-07-12 21:57:43,583 | INFO | MongoDB connection closed.
2026-07-12 21:57:44,967 | INFO | MongoDB connected successfully.
2026-07-12 21:57:45,894 | INFO | MongoDB connection closed.
2026-07-12 21:57:47,148 | INFO | MongoDB connected successfully.
2026-07-12 21:57:47,645 | INFO | MongoDB connection closed.
2026-07-12 21:57:49,283 | INFO | MongoDB connected successfully.
2026-07-12 21:57:54,893 | INFO | MongoDB connection closed.
2026-07-12 21:57:56,447 | INFO | MongoDB connected successfully.
2026-07-12 21:57:57,370 | INFO | MongoDB connection closed.
2026-07-12 21:57:58,544 | INFO | MongoDB connected successfully.
2026-07-12 21:58:00,447 | INFO | MongoDB connection closed.
2026-07-12 21:58:01,757 | INFO | MongoDB connected successfully.
2026-07-12 21:59:51,432 | INFO | MongoDB connection closed.
2026-07-12 21:59:53,068 | INFO | MongoDB connected successfully.
2026-07-12 21:59:55,512 | INFO | MongoDB connection closed.
2026-07-12 21:59:56,735 | INFO | MongoDB connected successfully.
2026-07-12 21:59:58,309 | INFO | MongoDB connection closed.
2026-07-12 21:59:59,907 | INFO | MongoDB connected successfully.
2026-07-12 22:00:06,059 | INFO | MongoDB connection closed.
2026-07-12 22:00:07,811 | INFO | MongoDB connected successfully.
2026-07-12 22:00:17,914 | INFO | MongoDB connection closed.
2026-07-12 22:00:19,452 | INFO | MongoDB connected successfully.
2026-07-12 22:00:19,614 | INFO | MongoDB connection closed.
2026-07-12 22:00:21,049 | INFO | MongoDB connected successfully.
2026-07-12 22:00:21,201 | INFO | MongoDB connection closed.
2026-07-12 22:00:22,661 | INFO | MongoDB connected successfully.
2026-07-12 22:00:24,578 | INFO | MongoDB connection closed.
2026-07-12 22:00:25,869 | INFO | MongoDB connected successfully.
2026-07-12 22:00:26,786 | INFO | MongoDB connection closed.
2026-07-12 22:00:28,095 | INFO | MongoDB connected successfully.
2026-07-12 22:00:31,854 | INFO | MongoDB connection closed.
2026-07-12 22:00:33,194 | INFO | MongoDB connected successfully.
2026-07-12 22:04:33,066 | INFO | MongoDB connection closed.
2026-07-12 22:04:35,627 | INFO | MongoDB connected successfully.
2026-07-12 22:04:38,397 | INFO | MongoDB connection closed.
2026-07-12 22:04:40,514 | INFO | MongoDB connected successfully.
2026-07-12 22:04:40,693 | INFO | MongoDB connection closed.
2026-07-12 22:04:42,726 | INFO | MongoDB connected successfully.
2026-07-12 22:06:32,351 | INFO | MongoDB connection closed.
2026-07-12 22:07:43,308 | INFO | MongoDB connected successfully.
2026-07-12 22:10:35,796 | INFO | MongoDB connection closed.
2026-07-12 22:10:45,760 | INFO | MongoDB connected successfully.
2026-07-12 22:11:22,842 | INFO | MongoDB connection closed.
2026-07-12 22:11:44,057 | INFO | MongoDB connected successfully.
2026-07-12 22:12:06,033 | INFO | MongoDB connection closed.
2026-07-12 22:12:10,874 | INFO | MongoDB connected successfully.
2026-07-12 22:12:17,089 | INFO | MongoDB connection closed.
2026-07-12 22:12:19,852 | INFO | MongoDB connected successfully.
2026-07-12 22:15:23,159 | INFO | MongoDB connection closed.
2026-07-12 22:15:25,526 | INFO | MongoDB connected successfully.
2026-07-12 22:15:25,724 | INFO | MongoDB connection closed.
2026-07-12 22:15:27,720 | INFO | MongoDB connected successfully.
2026-07-12 22:15:55,041 | INFO | MongoDB connection closed.
2026-07-12 22:16:50,412 | INFO | MongoDB connected successfully.
2026-07-12 22:16:50,631 | INFO | MongoDB connection closed.
2026-07-12 22:16:53,045 | INFO | MongoDB connected successfully.
2026-07-12 22:16:53,233 | INFO | MongoDB connection closed.
2026-07-12 22:16:55,240 | INFO | MongoDB connected successfully.
2026-07-12 22:16:55,533 | INFO | MongoDB connection closed.
2026-07-12 22:16:57,618 | INFO | MongoDB connected successfully.
2026-07-12 22:16:58,709 | INFO | MongoDB connection closed.
2026-07-12 22:17:01,011 | INFO | MongoDB connected successfully.
2026-07-12 22:17:01,194 | INFO | MongoDB connection closed.
2026-07-12 22:17:03,595 | INFO | MongoDB connected successfully.
2026-07-12 22:18:02,585 | INFO | MongoDB connection closed.
2026-07-12 22:18:04,411 | INFO | MongoDB connected successfully.
2026-07-12 22:18:15,009 | INFO | Inventory dashboard generated successfully.
2026-07-12 22:22:20,216 | INFO | MongoDB connection closed.
2026-07-12 22:22:22,472 | INFO | MongoDB connected successfully.
2026-07-12 22:22:26,840 | INFO | MongoDB connection closed.
2026-07-12 22:22:28,808 | INFO | MongoDB connected successfully.
2026-07-12 22:22:29,103 | INFO | MongoDB connection closed.
2026-07-12 22:22:31,316 | INFO | MongoDB connected successfully.
2026-07-12 22:22:31,510 | INFO | MongoDB connection closed.
2026-07-12 22:22:33,497 | INFO | MongoDB connected successfully.
2026-07-12 22:22:33,679 | INFO | MongoDB connection closed.
2026-07-12 22:22:36,215 | INFO | MongoDB connected successfully.
2026-07-12 22:26:45,164 | INFO | MongoDB connection closed.
2026-07-12 22:26:47,352 | INFO | MongoDB connected successfully.
2026-07-12 22:26:57,555 | INFO | MongoDB connection closed.
2026-07-12 22:26:59,671 | INFO | MongoDB connected successfully.
2026-07-12 22:26:59,969 | INFO | MongoDB connection closed.
2026-07-12 22:27:01,938 | INFO | MongoDB connected successfully.
2026-07-12 22:27:02,123 | INFO | MongoDB connection closed.
2026-07-12 22:27:04,194 | INFO | MongoDB connected successfully.
2026-07-12 22:27:05,255 | INFO | MongoDB connection closed.
2026-07-12 22:27:07,442 | INFO | MongoDB connected successfully.
2026-07-12 22:27:10,349 | INFO | MongoDB connection closed.
2026-07-12 22:27:12,401 | INFO | MongoDB connected successfully.
2026-07-12 22:27:12,589 | INFO | MongoDB connection closed.
2026-07-12 22:27:14,728 | INFO | MongoDB connected successfully.
2026-07-12 22:27:20,706 | INFO | MongoDB connection closed.
2026-07-12 22:27:22,975 | INFO | MongoDB connected successfully.
2026-07-12 22:27:23,719 | INFO | MongoDB connection closed.
2026-07-12 22:27:25,728 | INFO | MongoDB connected successfully.
2026-07-12 22:27:25,912 | INFO | MongoDB connection closed.
2026-07-12 22:27:28,145 | INFO | MongoDB connected successfully.
2026-07-12 22:27:28,338 | INFO | MongoDB connection closed.
2026-07-12 22:27:30,663 | INFO | MongoDB connected successfully.
2026-07-12 22:27:30,850 | INFO | MongoDB connection closed.
2026-07-12 22:27:33,228 | INFO | MongoDB connected successfully.
2026-07-12 22:27:33,456 | INFO | MongoDB connection closed.
2026-07-12 22:27:35,629 | INFO | MongoDB connected successfully.
2026-07-12 22:29:45,561 | INFO | MongoDB connection closed.
2026-07-12 22:29:47,721 | INFO | MongoDB connected successfully.
2026-07-12 22:29:47,964 | INFO | MongoDB connection closed.
2026-07-12 22:29:50,303 | INFO | MongoDB connected successfully.
2026-07-12 22:30:02,897 | INFO | MongoDB connection closed.
2026-07-12 22:30:05,361 | INFO | MongoDB connected successfully.
2026-07-12 22:30:18,058 | INFO | MongoDB connection closed.
2026-07-12 22:30:19,956 | INFO | MongoDB connected successfully.
2026-07-12 22:30:20,135 | INFO | MongoDB connection closed.
2026-07-12 22:30:22,109 | INFO | MongoDB connected successfully.
2026-07-12 22:30:22,416 | INFO | MongoDB connection closed.
2026-07-12 22:30:24,489 | INFO | MongoDB connected successfully.
2026-07-12 22:30:26,005 | INFO | MongoDB connection closed.
2026-07-12 22:30:28,146 | INFO | MongoDB connected successfully.
2026-07-12 22:30:29,195 | INFO | MongoDB connection closed.
2026-07-12 22:30:31,732 | INFO | MongoDB connected successfully.
2026-07-12 22:31:07,041 | INFO | Recent inventory activities retrieved successfully.
2026-07-12 22:33:21,752 | INFO | MongoDB connection closed.
